// Jest Snapshot v1, https://goo.gl/fbAQLP

exports[`doesn't explode 1`] = `
<div
  className="gameOfLife"
>
  <div
    className="title"
  >
    Game of Life
  </div>
  <div
    className="generations"
  >
    Generations: 
    0
  </div>
  <div
    className="board"
  >
    <div
      key="row0"
      style={
        Object {
          "display": "flex",
        }
      }
    >
      <GridCell
        handleCellClick={[Function]}
        isAlive={true}
        isLiveGame={false}
        key="col0"
      />
      <GridCell
        handleCellClick={[Function]}
        isAlive={true}
        isLiveGame={false}
        key="col1"
      />
      <GridCell
        handleCellClick={[Function]}
        isAlive={false}
        isLiveGame={false}
        key="col2"
      />
      <GridCell
        handleCellClick={[Function]}
        isAlive={false}
        isLiveGame={false}
        key="col3"
      />
      <GridCell
        handleCellClick={[Function]}
        isAlive={false}
        isLiveGame={false}
        key="col4"
      />
    </div>
    <div
      key="row1"
      style={
        Object {
          "display": "flex",
        }
      }
    >
      <GridCell
        handleCellClick={[Function]}
        isAlive={true}
        isLiveGame={false}
        key="col0"
      />
      <GridCell
        handleCellClick={[Function]}
        isAlive={false}
        isLiveGame={false}
        key="col1"
      />
      <GridCell
        handleCellClick={[Function]}
        isAlive={true}
        isLiveGame={false}
        key="col2"
      />
      <GridCell
        handleCellClick={[Function]}
        isAlive={false}
        isLiveGame={false}
        key="col3"
      />
      <GridCell
        handleCellClick={[Function]}
        isAlive={true}
        isLiveGame={false}
        key="col4"
      />
    </div>
    <div
      key="row2"
      style={
        Object {
          "display": "flex",
        }
      }
    >
      <GridCell
        handleCellClick={[Function]}
        isAlive={true}
        isLiveGame={false}
        key="col0"
      />
      <GridCell
        handleCellClick={[Function]}
        isAlive={true}
        isLiveGame={false}
        key="col1"
      />
      <GridCell
        handleCellClick={[Function]}
        isAlive={false}
        isLiveGame={false}
        key="col2"
      />
      <GridCell
        handleCellClick={[Function]}
        isAlive={false}
        isLiveGame={false}
        key="col3"
      />
      <GridCell
        handleCellClick={[Function]}
        isAlive={false}
        isLiveGame={false}
        key="col4"
      />
    </div>
    <div
      key="row3"
      style={
        Object {
          "display": "flex",
        }
      }
    >
      <GridCell
        handleCellClick={[Function]}
        isAlive={false}
        isLiveGame={false}
        key="col0"
      />
      <GridCell
        handleCellClick={[Function]}
        isAlive={false}
        isLiveGame={false}
        key="col1"
      />
      <GridCell
        handleCellClick={[Function]}
        isAlive={true}
        isLiveGame={false}
        key="col2"
      />
      <GridCell
        handleCellClick={[Function]}
        isAlive={false}
        isLiveGame={false}
        key="col3"
      />
      <GridCell
        handleCellClick={[Function]}
        isAlive={true}
        isLiveGame={false}
        key="col4"
      />
    </div>
    <div
      key="row4"
      style={
        Object {
          "display": "flex",
        }
      }
    >
      <GridCell
        handleCellClick={[Function]}
        isAlive={false}
        isLiveGame={false}
        key="col0"
      />
      <GridCell
        handleCellClick={[Function]}
        isAlive={false}
        isLiveGame={false}
        key="col1"
      />
      <GridCell
        handleCellClick={[Function]}
        isAlive={false}
        isLiveGame={false}
        key="col2"
      />
      <GridCell
        handleCellClick={[Function]}
        isAlive={false}
        isLiveGame={false}
        key="col3"
      />
      <GridCell
        handleCellClick={[Function]}
        isAlive={true}
        isLiveGame={false}
        key="col4"
      />
    </div>
  </div>
  <div
    className="buttons"
  >
    <button
      className="nes-btn is-success button"
      disabled={false}
      onClick={[Function]}
    >
      START
    </button>
    <button
      className="nes-btn is-disabled button"
      disabled={true}
      onClick={[Function]}
    >
      STOP
    </button>
    <button
      className="nes-btn is-warning button"
      onClick={[Function]}
    >
      CLEAR
    </button>
    <button
      className="nes-btn is-primary button"
      onClick={[Function]}
    >
      RESET
    </button>
  </div>
</div>
`;
